definitions = "definition.csv"
provinces = "provinces.png"
rivers = "rivers.png"
topology = "heightmap.heightmap"
continent = "continent.txt"
adjacencies = "adjacencies.csv"
island_region = "island_region.txt"
seasons = "seasons.txt"

sea_zones = RANGE { 6167 6497 }
sea_zones = RANGE { 6621 7128 }
sea_zones = RANGE { 7151 7246 }
sea_zones = RANGE { 7249 7258 }
sea_zones = RANGE { 8208 8218 }
sea_zones = RANGE { 8227 8231 }
sea_zones = LIST { 2958 2959 2960 6619 }

impassable_seas = RANGE { 6621 6780 }
impassable_seas = RANGE { 6786 6889 }
impassable_seas = RANGE { 6896 7128 }
impassable_seas = RANGE { 7151 7246 }
impassable_seas = RANGE { 7249 7258 }
impassable_seas = RANGE { 8208 8218 }
impassable_seas = RANGE { 8227 8231 }
impassable_seas = LIST { 2958 2959 2960 6619 }

river_provinces = RANGE { 6498 6598 }
river_provinces = RANGE { 7129 7150 }
river_provinces = RANGE { 7269 7279 }
river_provinces = RANGE { 8201 8207 }

lakes = RANGE { 6599 6618 }
lakes = LIST { 7247 7248 }

impassable_mountains = RANGE { 2224 2250 }
impassable_mountains = RANGE { 6100 6166 }
impassable_mountains = RANGE { 7129 7139 }
impassable_mountains = RANGE { 7141 7150 }
impassable_mountains = RANGE { 7267 7279 }
impassable_mountains = LIST { 6620 8201 8202 8203 }
impassable_mountains = RANGE { 8233 8239 }
